[2025-05-28 12:50:23] Incoming Request Details:
[2025-05-28 12:50:23] POST Data: Array
(
    [email] => jaabellana00471@usep.edu.ph
)

[2025-05-28 12:50:23] SERVER Data: Array
(
    [MIBDIRS] => C:/xampp/php/extras/mibs
    [MYSQL_HOME] => \xampp\mysql\bin
    [OPENSSL_CONF] => C:/xampp/apache/bin/openssl.cnf
    [PHP_PEAR_SYSCONF_DIR] => \xampp\php
    [PHPRC] => \xampp\php
    [TMP] => \xampp\tmp
    [HTTP_HOST] => localhost
    [HTTP_CONNECTION] => keep-alive
    [CONTENT_LENGTH] => 35
    [HTTP_SEC_CH_UA_PLATFORM] => "Windows"
    [HTTP_USER_AGENT] => Mozilla/5.0 (Windows NT 10.0; Win64; x64) AppleWebKit/537.36 (KHTML, like Gecko) Chrome/136.0.0.0 Safari/537.36
    [HTTP_SEC_CH_UA] => "Chromium";v="136", "Google Chrome";v="136", "Not.A/Brand";v="99"
    [CONTENT_TYPE] => application/x-www-form-urlencoded
    [HTTP_SEC_CH_UA_MOBILE] => ?0
    [HTTP_ACCEPT] => */*
    [HTTP_ORIGIN] => http://localhost
    [HTTP_SEC_FETCH_SITE] => same-origin
    [HTTP_SEC_FETCH_MODE] => cors
    [HTTP_SEC_FETCH_DEST] => empty
    [HTTP_REFERER] => http://localhost/MedStudy-Space-System/index.php
    [HTTP_ACCEPT_ENCODING] => gzip, deflate, br, zstd
    [HTTP_ACCEPT_LANGUAGE] => en-US,en;q=0.9
    [HTTP_COOKIE] => g_state={"i_l":0}; g_csrf_token=cba8f28b10f10324; PHPSESSID=bcts0r6ral48o08s91k73oj6ns
    [PATH] => C:\Program Files (x86)\NVIDIA Corporation\PhysX\Common;C:\Program Files (x86)\Common Files\Oracle\Java\javapath;C:\WINDOWS\system32;C:\WINDOWS;C:\WINDOWS\System32\Wbem;C:\WINDOWS\System32\WindowsPowerShell\v1.0\;C:\WINDOWS\System32\OpenSSH\;C:\Program Files\Microsoft SQL Server\150\Tools\Binn\;C:\Program Files\Microsoft SQL Server\Client SDK\ODBC\170\Tools\Binn\;C:\Program Files\dotnet\;C:\Program Files\Git\cmd;C:\Program Files (x86)\Microsoft SQL Server\160\Tools\Binn\;C:\Program Files\Microsoft SQL Server\160\Tools\Binn\;C:\Program Files\Microsoft SQL Server\160\DTS\Binn\;C:\Program Files (x86)\Microsoft SQL Server\160\DTS\Binn\;C:\Users\USER\.config\herd\bin\nvm;C:\Program Files\nodejs;C:\xampp\php;C:\ProgramData\ComposerSetup\bin;C:\Users\USER\.config\herd\bin;C:\Users\USER\AppData\Local\Microsoft\WindowsApps;C:\Users\USER\AppData\Local\GitHubDesktop\bin;C:\Users\USER\.dotnet\tools;C:\Users\USER\AppData\Local\Programs\Microsoft VS Code\bin;C:\Users\USER\AppData\Roaming\Composer\vendor\bin;C:\Users\USER\AppData\Local\Programs\cursor\resources\app\bin
    [SystemRoot] => C:\WINDOWS
    [COMSPEC] => C:\WINDOWS\system32\cmd.exe
    [PATHEXT] => .COM;.EXE;.BAT;.CMD;.VBS;.VBE;.JS;.JSE;.WSF;.WSH;.MSC
    [WINDIR] => C:\WINDOWS
    [SERVER_SIGNATURE] => <address>Apache/2.4.58 (Win64) OpenSSL/3.1.3 PHP/8.4.7 Server at localhost Port 80</address>

    [SERVER_SOFTWARE] => Apache/2.4.58 (Win64) OpenSSL/3.1.3 PHP/8.4.7
    [SERVER_NAME] => localhost
    [SERVER_ADDR] => ::1
    [SERVER_PORT] => 80
    [REMOTE_ADDR] => ::1
    [DOCUMENT_ROOT] => C:/xampp/htdocs
    [REQUEST_SCHEME] => http
    [CONTEXT_PREFIX] => 
    [CONTEXT_DOCUMENT_ROOT] => C:/xampp/htdocs
    [SERVER_ADMIN] => postmaster@localhost
    [SCRIPT_FILENAME] => C:/xampp/htdocs/MedStudy-Space-System/debug_recover_password.php
    [REMOTE_PORT] => 59747
    [GATEWAY_INTERFACE] => CGI/1.1
    [SERVER_PROTOCOL] => HTTP/1.1
    [REQUEST_METHOD] => POST
    [QUERY_STRING] => 
    [REQUEST_URI] => /MedStudy-Space-System/debug_recover_password.php
    [SCRIPT_NAME] => /MedStudy-Space-System/debug_recover_password.php
    [PHP_SELF] => /MedStudy-Space-System/debug_recover_password.php
    [REQUEST_TIME_FLOAT] => 1748429423.5056
    [REQUEST_TIME] => 1748429423
)

[2025-05-28 12:50:23] Database Connection Info:
[2025-05-28 12:50:23] Host: Unknown
[2025-05-28 12:50:23] Database: Unknown
[2025-05-28 12:51:58] Incoming Request Details:
[2025-05-28 12:51:58] POST Data: Array
(
    [email] => jaabellana00471@usep.edu.ph
)

[2025-05-28 12:51:58] SERVER Data: Array
(
    [MIBDIRS] => C:/xampp/php/extras/mibs
    [MYSQL_HOME] => \xampp\mysql\bin
    [OPENSSL_CONF] => C:/xampp/apache/bin/openssl.cnf
    [PHP_PEAR_SYSCONF_DIR] => \xampp\php
    [PHPRC] => \xampp\php
    [TMP] => \xampp\tmp
    [HTTP_HOST] => localhost
    [HTTP_CONNECTION] => keep-alive
    [CONTENT_LENGTH] => 35
    [HTTP_SEC_CH_UA_PLATFORM] => "Windows"
    [HTTP_USER_AGENT] => Mozilla/5.0 (Windows NT 10.0; Win64; x64) AppleWebKit/537.36 (KHTML, like Gecko) Chrome/136.0.0.0 Safari/537.36
    [HTTP_SEC_CH_UA] => "Chromium";v="136", "Google Chrome";v="136", "Not.A/Brand";v="99"
    [CONTENT_TYPE] => application/x-www-form-urlencoded
    [HTTP_SEC_CH_UA_MOBILE] => ?0
    [HTTP_ACCEPT] => */*
    [HTTP_ORIGIN] => http://localhost
    [HTTP_SEC_FETCH_SITE] => same-origin
    [HTTP_SEC_FETCH_MODE] => cors
    [HTTP_SEC_FETCH_DEST] => empty
    [HTTP_REFERER] => http://localhost/MedStudy-Space-System/index.php
    [HTTP_ACCEPT_ENCODING] => gzip, deflate, br, zstd
    [HTTP_ACCEPT_LANGUAGE] => en-US,en;q=0.9
    [HTTP_COOKIE] => g_state={"i_l":0}; g_csrf_token=cba8f28b10f10324; PHPSESSID=bcts0r6ral48o08s91k73oj6ns
    [PATH] => C:\Program Files (x86)\NVIDIA Corporation\PhysX\Common;C:\Program Files (x86)\Common Files\Oracle\Java\javapath;C:\WINDOWS\system32;C:\WINDOWS;C:\WINDOWS\System32\Wbem;C:\WINDOWS\System32\WindowsPowerShell\v1.0\;C:\WINDOWS\System32\OpenSSH\;C:\Program Files\Microsoft SQL Server\150\Tools\Binn\;C:\Program Files\Microsoft SQL Server\Client SDK\ODBC\170\Tools\Binn\;C:\Program Files\dotnet\;C:\Program Files\Git\cmd;C:\Program Files (x86)\Microsoft SQL Server\160\Tools\Binn\;C:\Program Files\Microsoft SQL Server\160\Tools\Binn\;C:\Program Files\Microsoft SQL Server\160\DTS\Binn\;C:\Program Files (x86)\Microsoft SQL Server\160\DTS\Binn\;C:\Users\USER\.config\herd\bin\nvm;C:\Program Files\nodejs;C:\xampp\php;C:\ProgramData\ComposerSetup\bin;C:\Users\USER\.config\herd\bin;C:\Users\USER\AppData\Local\Microsoft\WindowsApps;C:\Users\USER\AppData\Local\GitHubDesktop\bin;C:\Users\USER\.dotnet\tools;C:\Users\USER\AppData\Local\Programs\Microsoft VS Code\bin;C:\Users\USER\AppData\Roaming\Composer\vendor\bin;C:\Users\USER\AppData\Local\Programs\cursor\resources\app\bin
    [SystemRoot] => C:\WINDOWS
    [COMSPEC] => C:\WINDOWS\system32\cmd.exe
    [PATHEXT] => .COM;.EXE;.BAT;.CMD;.VBS;.VBE;.JS;.JSE;.WSF;.WSH;.MSC
    [WINDIR] => C:\WINDOWS
    [SERVER_SIGNATURE] => <address>Apache/2.4.58 (Win64) OpenSSL/3.1.3 PHP/8.4.7 Server at localhost Port 80</address>

    [SERVER_SOFTWARE] => Apache/2.4.58 (Win64) OpenSSL/3.1.3 PHP/8.4.7
    [SERVER_NAME] => localhost
    [SERVER_ADDR] => ::1
    [SERVER_PORT] => 80
    [REMOTE_ADDR] => ::1
    [DOCUMENT_ROOT] => C:/xampp/htdocs
    [REQUEST_SCHEME] => http
    [CONTEXT_PREFIX] => 
    [CONTEXT_DOCUMENT_ROOT] => C:/xampp/htdocs
    [SERVER_ADMIN] => postmaster@localhost
    [SCRIPT_FILENAME] => C:/xampp/htdocs/MedStudy-Space-System/debug_recover_password.php
    [REMOTE_PORT] => 59874
    [GATEWAY_INTERFACE] => CGI/1.1
    [SERVER_PROTOCOL] => HTTP/1.1
    [REQUEST_METHOD] => POST
    [QUERY_STRING] => 
    [REQUEST_URI] => /MedStudy-Space-System/debug_recover_password.php
    [SCRIPT_NAME] => /MedStudy-Space-System/debug_recover_password.php
    [PHP_SELF] => /MedStudy-Space-System/debug_recover_password.php
    [REQUEST_TIME_FLOAT] => 1748429518.889
    [REQUEST_TIME] => 1748429518
)

[2025-05-28 12:51:58] Database Connection Info:
[2025-05-28 12:51:58] Host: Unknown
[2025-05-28 12:51:58] Database: Unknown
